Parsing RSS feed: https://blog.talosintelligence.com/rss/
Found entry: https://blog.talosintelligence.com/making-sure-the-checks-get-printed/
Found entry: https://blog.talosintelligence.com/uat-11985/
Found entry: https://blog.talosintelligence.com/ignore-all-instructions-and-read-this-blog-the-state-of-ai-analysis-evasion-in-malware/
Found entry: https://blog.talosintelligence.com/microsoft-adobe-apple-and-foxit-vulnerabilities/
Found entry: https://blog.talosintelligence.com/one-breach-please-and-make-no-mistakes/
Found entry: https://blog.talosintelligence.com/give-yourself-room-to-be-human/
Found entry: https://blog.talosintelligence.com/the-fine-art-of-frustrating-the-adversary/
Found entry: https://blog.talosintelligence.com/china-nexus-uat-11587-targets-government-and-policy-organizations-across-asia-with-antino-backdoor/
Found entry: https://blog.talosintelligence.com/securing-the-keys-to-the-kingdom-announcing-executive-threat-detection/
Found entry: https://blog.talosintelligence.com/trust-and-the-enticing-consultancy-offer/
Found entry: https://blog.talosintelligence.com/the-closed-quorum-inside-the-first-reported-autonomous-ai-c2-implant/
Found entry: https://blog.talosintelligence.com/introducing-cairn-frontier-tracking-for-ai-integrated-malware/
Found entry: https://blog.talosintelligence.com/should-you-care-about-an-ai-slowdown/
Found entry: https://blog.talosintelligence.com/ransomware-incidents-in-japan-in-the-first-half-of-2026/
Found entry: https://blog.talosintelligence.com/securing-the-unpatchable-in-an-age-of-ai-driven-vulnerabilities/
Parsing RSS feed: https://unit42.paloaltonetworks.com/feed/
Found entry: https://unit42.paloaltonetworks.com/web3-cloud-supply-chain-attacks/
Found entry: https://unit42.paloaltonetworks.com/blinder-tunnel-targets-critical-infrastructure/
Found entry: https://unit42.paloaltonetworks.com/netscaler-zero-days-exploited/
Found entry: https://unit42.paloaltonetworks.com/agentic-ai-kubernetes-operator-risks/
Found entry: https://unit42.paloaltonetworks.com/3-consulting-myths-debunked-by-unit-42-experts/
Found entry: https://unit42.paloaltonetworks.com/detecting-exposed-aws-iam-credentials/
Found entry: https://unit42.paloaltonetworks.com/securing-aws-agentcore-harness-credentials/
Found entry: https://unit42.paloaltonetworks.com/soc-cross-environment-pivot/
Found entry: https://unit42.paloaltonetworks.com/atomic-macos-amos-stealer-activity/
Found entry: https://unit42.paloaltonetworks.com/behavioral-clustering-map-to-cloud-identities/
Found entry: https://unit42.paloaltonetworks.com/kubernetes-spiffe-spire-identity-spoofing/
Found entry: https://unit42.paloaltonetworks.com/ppi-network-malware-campaign-analysis/
Found entry: https://unit42.paloaltonetworks.com/ai-tool-use-targeting-latam-orgs/
Found entry: https://unit42.paloaltonetworks.com/ai-assisted-cyber-attack-inside-a-unit-42-investigation/
Found entry: https://unit42.paloaltonetworks.com/spring-ring-voice-phishing-campaigns/
Parsing RSS feed: https://www.cisa.gov/cybersecurity-advisories/all.xml
Found entry: https://www.cisa.gov/news-events/ics-advisories/icsa-26-281-03
Found entry: https://www.cisa.gov/news-events/ics-advisories/icsa-26-281-02
Found entry: https://www.cisa.gov/news-events/ics-advisories/icsa-26-281-01
Found entry: https://www.cisa.gov/news-events/cybersecurity-advisories/aa26-281a
Found entry: https://www.cisa.gov/news-events/ics-advisories/icsa-26-279-01
Found entry: https://www.cisa.gov/news-events/ics-advisories/icsa-26-279-05
Found entry: https://www.cisa.gov/news-events/ics-advisories/icsa-26-279-03
Found entry: https://www.cisa.gov/news-events/ics-advisories/icsa-26-279-04
Found entry: https://www.cisa.gov/news-events/ics-advisories/icsa-26-279-06
Found entry: https://www.cisa.gov/news-events/ics-advisories/icsa-26-279-02
Found entry: https://www.cisa.gov/news-events/alerts/2026/10/04/cisa-adds-one-known-exploited-vulnerability-catalog
Found entry: https://www.cisa.gov/news-events/alerts/2026/10/02/cisa-adds-two-known-exploited-vulnerabilities-catalog
Found entry: https://www.cisa.gov/news-events/ics-advisories/icsa-26-274-06
Found entry: https://www.cisa.gov/news-events/alerts/2026/10/01/cisa-adds-one-known-exploited-vulnerability-catalog
Found entry: https://www.cisa.gov/news-events/ics-advisories/icsa-26-274-04
Found entry: https://www.cisa.gov/news-events/ics-advisories/icsa-26-274-01
Found entry: https://www.cisa.gov/news-events/ics-advisories/icsa-26-254-01
Found entry: https://www.cisa.gov/news-events/ics-advisories/icsa-26-274-02
Found entry: https://www.cisa.gov/news-events/ics-advisories/icsa-26-274-03
Found entry: https://www.cisa.gov/news-events/ics-advisories/icsa-26-274-05
Found entry: https://www.cisa.gov/news-events/alerts/2026/09/30/cisa-adds-one-known-exploited-vulnerability-catalog
Found entry: https://www.cisa.gov/news-events/ics-advisories/icsa-26-272-05
Found entry: https://www.cisa.gov/news-events/ics-advisories/icsa-26-272-07
Found entry: https://www.cisa.gov/news-events/ics-advisories/icsa-26-272-03
Found entry: https://www.cisa.gov/news-events/ics-advisories/icsa-26-272-06
Found entry: https://www.cisa.gov/news-events/ics-advisories/icsa-26-272-02
Found entry: https://www.cisa.gov/news-events/alerts/2026/09/29/cisa-adds-one-known-exploited-vulnerability-catalog
Found entry: https://www.cisa.gov/news-events/ics-advisories/icsa-26-272-04
Found entry: https://www.cisa.gov/news-events/ics-advisories/icsa-26-272-01
Found entry: https://www.cisa.gov/news-events/alerts/2026/09/27/critical-zero-day-vulnerabilities-exploited-citrix-netscaler-adc-gateway
Parsing RSS feed: https://feeds.feedburner.com/threatintelligence/pvexyqv7v0v
Found entry: https://cloud.google.com/blog/topics/threat-intelligence/vulnerability-discovery-and-exploitation-trends-in-the-ai-era/
Found entry: https://cloud.google.com/blog/topics/threat-intelligence/defending-against-active-exploitation-of-citrix-netscaler-adc-and-gateway-appliances/
Found entry: https://cloud.google.com/blog/topics/threat-intelligence/shinyhunters-renewed-mass-exploitation-campaign-targeting-oracle-peoplesoft/
Found entry: https://cloud.google.com/blog/topics/threat-intelligence/hardening-code-pipelines-and-ci-cd-infrastructure/
Found entry: https://cloud.google.com/blog/topics/threat-intelligence/from-prompting-to-autonomy-the-evolution-of-adversarial-ai/
Found entry: https://cloud.google.com/blog/topics/threat-intelligence/financially-motivated-threat-actor-breeze-comet-targets-brazil/
Found entry: https://cloud.google.com/blog/topics/threat-intelligence/distinct-clusters-target-individuals-of-interest-to-russia/
Found entry: https://cloud.google.com/blog/topics/threat-intelligence/staying-ahead-of-adversarial-ai-through-agentic-source-code-review/
Found entry: https://cloud.google.com/blog/topics/threat-intelligence/unc6671-targets-financial-services-and-enterprise-cloud-environments/
Found entry: https://cloud.google.com/blog/topics/threat-intelligence/mitigation-guidance-for-supply-chain-compromise/
Found entry: https://cloud.google.com/blog/topics/threat-intelligence/updated-cyber-threat-actor-naming-system/
Found entry: https://cloud.google.com/blog/topics/threat-intelligence/ai-assisted-vulnerability-management/
Found entry: https://cloud.google.com/blog/topics/threat-intelligence/exposed-cloud-functions-harden/
Found entry: https://cloud.google.com/blog/topics/threat-intelligence/recovering-active-adfs-signing-keys-machine-dpapi/
Found entry: https://cloud.google.com/blog/topics/threat-intelligence/google-continued-disruption-residential-proxy-networks/
Found entry: https://cloud.google.com/blog/topics/threat-intelligence/pro-russia-influence-ecosystem/
Found entry: https://cloud.google.com/blog/topics/threat-intelligence/stockstay-turla-intelligence-gathering/
Found entry: https://cloud.google.com/blog/topics/threat-intelligence/zero-day-exploitation-cisco-catalyst-sd-wan-manager/
Found entry: https://cloud.google.com/blog/topics/threat-intelligence/prc-targets-us-medical-research/
Found entry: https://cloud.google.com/blog/topics/threat-intelligence/shinyhunters-targets-education-sector-oracle-exploit/
Parsing RSS feed: https://thedfirreport.com/feed/
Found entry: https://thedfirreport.com/2026/08/24/bengalseo-part-1-anatomy-of-the-operation/
Found entry: https://thedfirreport.com/2026/06/29/from-bing-search-to-ransomware-bumblebee-and-adaptixc2-deliver-akira-3/
Found entry: https://thedfirreport.com/2026/05/11/flash-alert-etherrat-and-tuktuk-c2-end-in-the-gentleman-ransomware/
Found entry: https://thedfirreport.com/2026/04/22/bissa-scanner-exposed-ai-assisted-mass-exploitation-and-credential-harvesting/
Found entry: https://thedfirreport.com/2026/02/23/apache-activemq-exploit-leads-to-lockbit-ransomware/
Found entry: https://thedfirreport.com/2025/12/17/cats-got-your-files-lynx-ransomware/
Found entry: https://thedfirreport.com/2025/09/29/from-a-single-click-how-lunar-spider-enabled-a-near-two-month-intrusion/
Found entry: https://thedfirreport.com/2025/09/08/blurring-the-lines-intrusion-shows-connection-with-three-major-ransomware-gangs/
Found entry: https://thedfirreport.com/2025/08/05/from-bing-search-to-ransomware-bumblebee-and-adaptixc2-deliver-akira-2/
Found entry: https://thedfirreport.com/2025/07/14/kongtuke-filefix-leads-to-new-interlock-rat-variant/
Parsing Qualys RSS feed: https://blog.qualys.com/vulnerabilities-threat-research/feed
